(---------------------------------------------------------------------)
(                                                                     )
(    Allegro Netrev Import Logic                                      )
(                                                                     )
(    Drawing          : SENSOR BOARD.brd                              )
(    Software Version : 16.6-2015S108                                 )
(    Date/Time        : Tue Oct 16 18:34:10 2018                      )
(                                                                     )
(---------------------------------------------------------------------)


------ Directives ------------

Ripup etch:                  No
Ripup delete first segment:  No
Ripup retain bondwire:       No
Ripup symbols:               Always
Missing symbol has error:    No
DRC update:                  Yes
Schematic directory:         'C:\PROJECT\allegro'
Design Directory:            'C:/PROJECT/allegro'
Old design name:             'C:/project/allegro/SENSOR BOARD.brd'
New design name:             'C:/PROJECT/allegro/SENSOR BOARD.brd'

CmdLine: netrev.exe -y 1 -i C:\PROJECT\allegro C:\project\allegro\SENSOR BOARD.brd C:\PROJECT\allegro\SENSOR BOARD.brd

------ Preparing to read pst files ------

Starting to read C:/PROJECT/allegro/pstchip.dat 
   Finished reading C:/PROJECT/allegro/pstchip.dat (00:00:00.07)
Starting to read C:/PROJECT/allegro/pstxprt.dat 
   Finished reading C:/PROJECT/allegro/pstxprt.dat (00:00:00.00)
Starting to read C:/PROJECT/allegro/pstxnet.dat 
   Finished reading C:/PROJECT/allegro/pstxnet.dat (00:00:00.00)

------ Oversights/Warnings/Errors ------


------ Library Paths ------
MODULEPATH =  . 
           C:/Cadence/SPB_16.6/share/local/pcb/modules 

PSMPATH =  . 
           symbols 
           .. 
           ../symbols 
           C:/Cadence/SPB_16.6/share/local/pcb/symbols 
           C:/Cadence/SPB_16.6/share/pcb/pcb_lib/symbols 
           C:/Cadence/SPB_16.6/share/pcb/allegrolib/symbols 
           C:/heungsik/orcad_lib/ 
           C:/heungsik_lib/ 
           C:/HEUNGSIK/symbols_lib/ 
           C:/Cadence/Library/dip100t/ 
           C:/heungsik_lib/ 
           C:/Users/USER/Desktop/Sensor Board/Allegro_lib/ 

PADPATH =  . 
           symbols 
           .. 
           ../symbols 
           C:/Cadence/SPB_16.6/share/local/pcb/padstacks 
           C:/Cadence/SPB_16.6/share/pcb/pcb_lib/symbols 
           C:/Cadence/SPB_16.6/share/pcb/allegrolib/symbols 
           C:/heungsik/orcad_lib/ 
           C:/heungsik_lib/symbols/ 
           C:/Cadence/Library/Padstack/ 
           C:/heungsik_lib/symbols/ 
           C:/Users/USER/Desktop/Sensor Board/Allegro_lib/symbols/ 
           C:/Users/USER/Desktop/Sensor Board/Allegro_lib 


------ Summary Statistics ------


netrev run on Oct 16 18:34:10 2018
   DESIGN NAME : 'SENSOR BOARD'
   PACKAGING ON Feb 15 2016 19:53:59

   COMPILE 'logic'
   CHECK_PIN_NAMES OFF
   CROSS_REFERENCE OFF
   FEEDBACK OFF
   INCREMENTAL OFF
   INTERFACE_TYPE PHYSICAL
   MAX_ERRORS 500
   MERGE_MINIMUM 5
   NET_NAME_CHARS '#%&()*+-./:=>?@[]^_`|'
   NET_NAME_LENGTH 24
   OVERSIGHTS ON
   REPLACE_CHECK OFF
   SINGLE_NODE_NETS ON
   SPLIT_MINIMUM 0
   SUPPRESS   20
   WARNINGS ON

 No error detected
 No oversight detected
 No warning detected

cpu time      0:01:49
elapsed time  0:00:01

